
- NASM Map file ---------------------------------------------------------------

Source file:  src/boot/main.asm
Output file:  build/boot.bin

-- Program origin -------------------------------------------------------------

00007C00

-- Sections (summary) ---------------------------------------------------------

Vstart            Start             Stop              Length    Class     Name
            7C00              7C00              7E00  00000200  progbits  .text

-- Sections (detailed) --------------------------------------------------------

---- Section .text ------------------------------------------------------------

class:     progbits
length:                 200
start:                 7C00
align:     not defined
follows:   not defined
vstart:                7C00
valign:    not defined
vfollows:  not defined

-- Symbols --------------------------------------------------------------------

---- No Section ---------------------------------------------------------------

Value     Name
00000000  GDTLM.Null
00000008  GDTLM.Code
00000010  GDTLM.Data
00000018  GDTLM.UserCode
00000020  GDTLM.UserData
00007E00  KERNEL_OFFSET


---- Section .text ------------------------------------------------------------

Real              Virtual           Name
            7C00              7C00  _start
            7C97              7C97  _start.setEntry
            7CD8              7CD8  GDTLM
            7D00              7D00  GDTLM.Pointer
            7D0A              7D0A  _waitForKeyAndReboot
            7D13              7D13  _print
            7D15              7D15  _printCycle
            7D1E              7D1E  _diskLoad
            7D33              7D33  _diskLoadError
            7D3B              7D3B  _diskMismatch
            7D49              7D49  diskLoadFailed
            7D5B              7D5B  diskLoadComplete
            7D6F              7D6F  diskLoadMismatch
            7D87              7D87  _break
            7D88              7D88  _newLine
            7D95              7D95  osName
            7DAF              7DAF  kernelLoading
            7DC6              7DC6  done
            7DCC              7DCC  enteringLM

