
- NASM Map file ---------------------------------------------------------------

Source file:  Src/Boot/main.asm
Output file:  Build/boot.bin

-- Program origin -------------------------------------------------------------

00007C00

-- Sections (summary) ---------------------------------------------------------

Vstart            Start             Stop              Length    Class     Name
            7C00              7C00              7E00  00000200  progbits  .text

-- Sections (detailed) --------------------------------------------------------

---- Section .text ------------------------------------------------------------

class:     progbits
length:                 200
start:                 7C00
align:     not defined
follows:   not defined
vstart:                7C00
valign:    not defined
vfollows:  not defined

-- Symbols --------------------------------------------------------------------

---- No Section ---------------------------------------------------------------

Value     Name
00000000  GDTLM.Null
00000008  GDTLM.Code
00000010  GDTLM.Data
00000018  GDTLM.UserCode
00000020  GDTLM.UserData
00007E00  KERNEL_OFFSET


---- Section .text ------------------------------------------------------------

Real              Virtual           Name
            7C00              7C00  _start
            7C46              7C46  _switchToLM
            7C97              7C97  _switchToLM.setEntry
            7CD8              7CD8  GDTLM
            7D00              7D00  GDTLM.Pointer
            7D0A              7D0A  _waitForKeyAndReboot
            7D13              7D13  _print
            7D15              7D15  _print._printCycle
            7D1E              7D1E  readFromDiskFailed
            7D30              7D30  readFromDiskComplete
            7D44              7D44  readFromDiskMismatch
            7D5C              7D5C  _readFromDisk
            7D72              7D72  _readFromDisk._loadSuccess
            7D86              7D86  _readFromDisk._sectorCountMatch
            7D87              7D87  _break
            7D88              7D88  _newLine
            7D95              7D95  osName
            7DAF              7DAF  kernelLoading
            7DC6              7DC6  done
            7DCC              7DCC  enteringLM

