
- NASM Map file ---------------------------------------------------------------

Source file:  src/kernel.asm
Output file:  build/kernel.bin

-- Program origin -------------------------------------------------------------

00007E00

-- Sections (summary) ---------------------------------------------------------

Vstart            Start             Stop              Length    Class     Name
            7E00              7E00              8A03  00000C03  progbits  .text
            8A04              8A04              8EA5  000004A1  progbits  .data

-- Sections (detailed) --------------------------------------------------------

---- Section .text ------------------------------------------------------------

class:     progbits
length:                 C03
start:                 7E00
align:     not defined
follows:   not defined
vstart:                7E00
valign:    not defined
vfollows:  not defined

---- Section .data ------------------------------------------------------------

class:     progbits
length:                 4A1
start:                 8A04
align:                    4
follows:   not defined
vstart:                8A04
valign:    not defined
vfollows:  not defined

-- Symbols --------------------------------------------------------------------

---- No Section ---------------------------------------------------------------

Value     Name
00000060  Keyboard.DATAPORT
00000064  Keyboard._cOMMANDPORT
000B8000  Screen.VIDEO_ADDRESS
00000019  Screen.MAX_ROWS
00000050  Screen.MAX_COLS
00000007  Screen.GRAY_ON_BLACK
000003D4  Screen.REG_SCREEN_CTRL
000003D5  Screen.REG_SCREEN_DATA
00000CFC  PCI.dataPort
00000CF8  PCI.commandPort
000001F0  ATA.port0Base
00000170  ATA.port1Base
000001E8  ATA.port2Base
00000168  ATA.port3Base
00000000  ATA.dataPortOffset
00000001  ATA.errorPortOffset
00000002  ATA.sectorCountPortOffset
00000003  ATA.lbaLowPortOffset
00000004  ATA.lbaMidPortOffset
00000005  ATA.lbaHighPortOffset
00000006  ATA.devicePortOffset
00000007  ATA.commandPortOffset
00000206  ATA.controlPortOffset
00000200  ATA.bytesPerSector
000000A0  ATA.devicePortIdentifyMasterMessage
000000B0  ATA.devicePortIdentifySlaveMessage
000000E0  ATA.devicePortReadWriteMasterMessage
000000F0  ATA.devicePortReadWriteSlaveMessage
000000EC  ATA.commandPortIdentifyMessage
00000020  ATA.commandPortReadMessage
00000030  ATA.commandPortWriteMessage
000000E7  ATA.commandPortFlushMessage
00000000  IDT_OFFSET


---- Section .text ------------------------------------------------------------

Real              Virtual           Name
            7E00              7E00  _startLM
            7E7D              7E7D  Keyboard
            7E7D              7E7D  Keyboard._getKey
            7ED8              7ED8  Keyboard._ifShift
            7EE0              7EE0  Keyboard._elseShift
            7EE6              7EE6  Keyboard.default
            7EF8              7EF8  Keyboard._caseShiftPushed
            7F02              7F02  Keyboard._caseShiftReleased
            7F0C              7F0C  Screen
            7F0C              7F0C  Screen._printAt
            7F10              7F10  Screen._defaultCharacterStyle
            7F12              7F12  Screen._defaultCharacterStyleAfter
            7F2A              7F2A  Screen._ifGetCursor
            7F2F              7F2F  Screen._getCursorAfter
            7F36              7F36  Screen._writeCharacterCycle
            7F44              7F44  Screen._ifNewLineCharacter
            7F66              7F66  Screen._elseNewLineCharacter
            7F6D              7F6D  Screen._newLineCharacterAfter
            7F8C              7F8C  Screen._getVideomemoryOffset
            7FA3              7FA3  Screen._getCursor
            7FC1              7FC1  Screen._setCursor
            7FE1              7FE1  Screen._print
            7FE9              7FE9  Screen._clearScreen
            7FFD              7FFD  Screen._clearScreenCycle
            800F              800F  Screen._scroll
            8038              8038  Screen._eraseCell
            8068              8068  Screen._eraseCellPrevLineElse
            8076              8076  Screen._eraseCellPrevLineIf
            8080              8080  Screen._eraseCellCycle
            8090              8090  Screen._eraseCellCycleAfter
            809A              809A  Screen._moveCursorRight
            80C1              80C1  Screen._moveCursorLeft
            80E6              80E6  Screen._moveCursorUp
            80FF              80FF  Screen._moveCursorDown
            8119              8119  PCI
            8119              8119  PCI._readFromFunction
            8129              8129  PCI._writeToFunction
            813B              813B  PCI._deviceHasFunctions
            8149              8149  PCI._getId
            815D              815D  PCI._init
            8170              8170  PCI._busesEnumerationCycle
            817F              817F  PCI._devicesEnumerationCycle
            81A1              81A1  PCI._ifDeviceHasFunctions
            81A8              81A8  PCI._elseDeviceHasFunctions
            81AD              81AD  PCI._functionsEnumerationCycle
            825F              825F  PCI._functionsEnumerationCycleContinue
            8268              8268  PCI._functionsEnumerationCycleReturn
            8271              8271  PCI._devicesEnumerationCycleReturn
            827A              827A  ATA
            827A              827A  ATA._identify
            827E              827E  ATA._ifTalkToMasterIdentify
            8282              8282  ATA._ifTalkToSlaveIdentify
            8284              8284  ATA._ifTalkToReturnIdentify
            82A7              82A7  ATA._ifNoDevice
            82AA              82AA  ATA._elseNoDevice
            82D0              82D0  ATA._waitForDevice
            82E0              82E0  ATA._waitStatusConfirmed
            82E3              82E3  ATA._waitForDeviceReturn
            82EC              82EC  ATA._identifyReadCycle
            82F3              82F3  ATA._checkPort
            8303              8303  ATA._ifATADeviceExists
            835E              835E  ATA._printMaster
            836E              836E  ATA._printSlave
            837E              837E  ATA._init
            83C6              83C6  ATA._printNoDevices
            83D6              83D6  ATA._read
            83DA              83DA  ATA._ifTalkToMasterRead
            83DE              83DE  ATA._ifTalkToSlaveRead
            83E0              83E0  ATA._ifTalkToReturnRead
            841C              841C  ATA._waitForDeviceRead
            8430              8430  ATA._waitStatusConfirmedRead
            8433              8433  ATA._waitForDeviceReturnRead
            843D              843D  ATA._readCycle
            8450              8450  ATA._ifOddAfterReadCycle
            8454              8454  ATA._ifOddAfterReadCycleReturn
            8455              8455  ATA._write
            8459              8459  ATA._ifTalkToMasterWrite
            845D              845D  ATA._ifTalkToSlaveWrite
            845F              845F  ATA._ifTalkToReturnWrite
            84A2              84A2  ATA._writeCycle
            84AE              84AE  ATA._flush
            84B2              84B2  ATA._ifTalkToMasterFlush
            84B6              84B6  ATA._ifTalkToSlaveFlush
            84B8              84B8  ATA._ifTalkToReturnFlush
            84C7              84C7  ATA._waitForDeviceFlush
            84D7              84D7  ATA._waitStatusConfirmedFlush
            84DA              84DA  ATA._waitForDeviceReturnFlush
            84DD              84DD  ATA._throwError
            84E0              84E0  Filesystem
            84E0              84E0  Filesystem._init
            84FF              84FF  _divisionBy0Handler
            8513              8513  _invalidOpcodeInterruptHandler
            8527              8527  _deviceNotAvailableInterruptHandler
            853B              853B  _invalidTSSInterruptHandler
            854F              854F  _segmentNotPresentInterruptHandler
            8563              8563  _stackSegmentFaultInterruptHandler
            8577              8577  _generalProtectionFaultInterruptHandler
            858B              858B  _pageFaultInterruptHandler
            859F              859F  _floatingPointExceptionHandler
            85B3              85B3  _keyboardInterruptHandler
            85C8              85C8  _clockInterruptHandler
            85CE              85CE  _syscallHandler
            85D7              85D7  syscallTable
            85E7              85E7  _sysRead
            85E7              85E7  _loadIDT
            8818              8818  _loadIDTCycle
            8835              8835  _defineIDTInterruptGate
            884F              884F  IDTPointer
            8859              8859  IDTInterruptGatePattern
            8869              8869  IDTTrapGatePattern
            8879              8879  _memcpyb
            8886              8886  _memcpyq
            8897              8897  _break
            8898              8898  _halt
            889A              889A  _chill
            889D              889D  _memset
            88A4              88A4  temp
            88B8              88B8  _itoa
            88C7              88C7  _itoa._notNegative
            8909              8909  _itofa
            8914              8914  _itofa._if
            8919              8919  _itofa._else
            891C              891C  _itofa._after
            8928              8928  _flipstr
            892B              892B  _flipstr._flipstrCycle1
            8934              8934  _flipstr._flipstrCycle2
            8944              8944  _memclrb
            894E              894E  _strcpy
            8962              8962  _pusha
            89BF              89BF  _popa
            89E0              89E0  done
            89E7              89E7  lineBreak
            89E9              89E9  loadingIDT
            89F9              89F9  buffer

---- Section .data ------------------------------------------------------------

Real              Virtual           Name
            8A04              8A04  Keyboard.shiftFlag
            8A05              8A05  Keyboard.buffer
            8A09              8A09  Keyboard.keyboardToAsciiTable
            8A76              8A76  PCI.lookingForPCIDevices
            8A91              8A91  PCI.buffer
            8A97              8A97  PCI.vendorIdString
            8AA7              8AA7  PCI.deviceIdString
            8AB3              8AB3  PCI.classAndSubclassIdsString
            8ACC              8ACC  ATA.ATADeviceDetectedMessage
            8AEC              8AEC  ATA.lookForATADevicesMessage
            8B07              8B07  ATA.noDevicesMessage
            8B22              8B22  ATA.slaveMessage
            8B29              8B29  ATA.masterMessage
            8B31              8B31  ATA.ATAPortBaseHex
            8B36              8B36  Filesystem.buffer
            8D36              8D36  Filesystem.bytesPerSector
            8D38              8D38  Filesystem.sectorsPerCluster
            8D39              8D39  Filesystem.FATs
            8D3A              8D3A  Filesystem.rootDirEntries
            8D3C              8D3C  Filesystem.sectors
            8D3E              8D3E  Filesystem.sectorsPerFAT
            8D40              8D40  Filesystem.label
            8D4B              8D4B  divisionBy0
            8D73              8D73  _invalidOpcodeInterruptHandler.invalidOpcode
            8DA4              8DA4  _deviceNotAvailableInterruptHandler.deviceNotAvailable
            8DC0              8DC0  _invalidTSSInterruptHandler.invalidTSS
            8DDA              8DDA  _segmentNotPresentInterruptHandler.segmentNotPresent
            8E29              8E29  _stackSegmentFaultInterruptHandler.stackSegmentFault
            8E49              8E49  _generalProtectionFaultInterruptHandler.generalProtectionFault
            8E6B              8E6B  _pageFaultInterruptHandler.pageFault
            8E7F              8E7F  _floatingPointExceptionHandler.floatingPointException

