
- NASM Map file ---------------------------------------------------------------

Source file:  Src/Kernel/main.asm
Output file:  Build/kernel.bin

-- Program origin -------------------------------------------------------------

00007E00

-- Sections (summary) ---------------------------------------------------------

Vstart            Start             Stop              Length    Class     Name
            7E00              7E00              8CD4  00000ED4  progbits  .text
            8CD4              8CD4              8E8B  000001B7  progbits  .data

-- Sections (detailed) --------------------------------------------------------

---- Section .text ------------------------------------------------------------

class:     progbits
length:                 ED4
start:                 7E00
align:     not defined
follows:   not defined
vstart:                7E00
valign:    not defined
vfollows:  not defined

---- Section .data ------------------------------------------------------------

class:     progbits
length:                 1B7
start:                 8CD4
align:                    4
follows:   not defined
vstart:                8CD4
valign:    not defined
vfollows:  not defined

-- Symbols --------------------------------------------------------------------

---- No Section ---------------------------------------------------------------

Value     Name
00000060  Keyboard.DATAPORT
00000064  Keyboard._cOMMANDPORT
000B8000  Screen.VIDEO_ADDRESS
00000019  Screen.MAX_ROWS
00000050  Screen.MAX_COLS
00000007  Screen.GRAY_ON_BLACK
000003D4  Screen.REG_SCREEN_CTRL
000003D5  Screen.REG_SCREEN_DATA
00000CFC  PCI.dataPort
00000CF8  PCI.commandPort
000001F0  ATA.port0Base
00000170  ATA.port1Base
000001E8  ATA.port2Base
00000168  ATA.port3Base
00000000  ATA.dataPortOffset
00000001  ATA.errorPortOffset
00000002  ATA.sectorCountPortOffset
00000003  ATA.lbaLowPortOffset
00000004  ATA.lbaMidPortOffset
00000005  ATA.lbaHighPortOffset
00000006  ATA.devicePortOffset
00000007  ATA.commandPortOffset
00000206  ATA.controlPortOffset
00000200  ATA.bytesPerSector
000000A0  ATA.devicePortIdentifyMasterMessage
000000B0  ATA.devicePortIdentifySlaveMessage
000000E0  ATA.devicePortReadWriteMasterMessage
000000F0  ATA.devicePortReadWriteSlaveMessage
000000EC  ATA.commandPortIdentifyMessage
00000020  ATA.commandPortReadMessage
00000030  ATA.commandPortWriteMessage
000000E7  ATA.commandPortFlushMessage
00000000  IDT_OFFSET


---- Section .text ------------------------------------------------------------

Real              Virtual           Name
            7E00              7E00  _startLM
            7E72              7E72  Keyboard
            7E72              7E72  Keyboard._getKey
            7ECD              7ECD  Keyboard._keyboardIfShift
            7ED5              7ED5  Keyboard._keyboardElseShift
            7EDB              7EDB  Keyboard.default
            7EED              7EED  Keyboard._caseShiftPushed
            7EF7              7EF7  Keyboard._caseShiftReleased
            7F01              7F01  Keyboard.keyboardToAsciiTable
            7F6E              7F6E  Screen
            7F6E              7F6E  Screen._printAt
            7F72              7F72  Screen._defaultCharacterStyle
            7F74              7F74  Screen._defaultCharacterStyleAfter
            7F8C              7F8C  Screen._ifGetCursor
            7F91              7F91  Screen._getCursorAfter
            7F98              7F98  Screen._writeCharacterCycle
            7FA6              7FA6  Screen._ifNewLineCharacter
            7FC8              7FC8  Screen._elseNewLineCharacter
            7FCF              7FCF  Screen._newLineCharacterAfter
            7FEE              7FEE  Screen._getVideomemoryOffset
            8005              8005  Screen._getCursor
            8023              8023  Screen._setCursor
            8043              8043  Screen._print
            804D              804D  Screen._clearScreen
            8061              8061  Screen._clearScreenCycle
            8073              8073  Screen._handleScrolling
            809C              809C  Screen._backspace
            80CC              80CC  Screen._backspacePrevLineElse
            80DA              80DA  Screen._backspacePrevLineIf
            80E4              80E4  Screen._backspaceCycle
            80F4              80F4  Screen._backspaceCycleAfter
            80FE              80FE  Screen._cursorGoRight
            8125              8125  Screen._cursorGoLeft
            814A              814A  Screen._cursorGoUp
            8163              8163  Screen._cursorGoDown
            817D              817D  PCI
            817D              817D  PCI._readFromFunction
            818D              818D  PCI._writeToFunction
            819F              819F  PCI._deviceHasFunctions
            81AD              81AD  PCI._getId
            81C1              81C1  PCI._init
            81D4              81D4  PCI._busesEnumerationCycle
            81E3              81E3  PCI._devicesEnumerationCycle
            8205              8205  PCI._ifDeviceHasFunctions
            820C              820C  PCI._elseDeviceHasFunctions
            8211              8211  PCI._functionsEnumerationCycle
            82C3              82C3  PCI._functionsEnumerationCycleContinue
            82CC              82CC  PCI._functionsEnumerationCycleReturn
            82D5              82D5  PCI._devicesEnumerationCycleReturn
            82DE              82DE  ATA
            82DE              82DE  ATA.ATADeviceDetectedMessage
            82FE              82FE  ATA.lookForATADevicesMessage
            8319              8319  ATA.noDevicesMessage
            8334              8334  ATA.slaveMessage
            833B              833B  ATA.masterMessage
            8343              8343  ATA.ATAPortBaseHex
            8348              8348  ATA._identify
            834C              834C  ATA._ifTalkToMasterIdentify
            8350              8350  ATA._ifTalkToSlaveIdentify
            8352              8352  ATA._ifTalkToReturnIdentify
            8375              8375  ATA._ifNoDevice
            8378              8378  ATA._elseNoDevice
            839E              839E  ATA._waitForDevice
            83AE              83AE  ATA._waitStatusConfirmed
            83B1              83B1  ATA._waitForDeviceReturn
            83BA              83BA  ATA._identifyReadCycle
            83C1              83C1  ATA._checkATAPort
            83D1              83D1  ATA._ifATADeviceExists
            840E              840E  ATA._printMaster
            841E              841E  ATA._printSlave
            842E              842E  ATA._init
            84A6              84A6  ATA._printNoDevices
            84B6              84B6  ATA._read
            84BA              84BA  ATA._ifTalkToMasterRead
            84BE              84BE  ATA._ifTalkToSlaveRead
            84C0              84C0  ATA._ifTalkToReturnRead
            84FC              84FC  ATA._waitForDeviceRead
            8510              8510  ATA._waitStatusConfirmedRead
            8513              8513  ATA._waitForDeviceReturnRead
            851D              851D  ATA._readCycle
            8530              8530  ATA._ifOddAfterReadCycle
            8534              8534  ATA._ifOddAfterReadCycleReturn
            8537              8537  ATA._write
            853B              853B  ATA._ifTalkToMasterWrite
            853F              853F  ATA._ifTalkToSlaveWrite
            8541              8541  ATA._ifTalkToReturnWrite
            8584              8584  ATA._writeCycle
            8592              8592  ATA._flush
            8596              8596  ATA._ifTalkToMasterFlush
            859A              859A  ATA._ifTalkToSlaveFlush
            859C              859C  ATA._ifTalkToReturnFlush
            85AB              85AB  ATA._waitForDeviceFlush
            85BB              85BB  ATA._waitStatusConfirmedFlush
            85BE              85BE  ATA._waitForDeviceReturnFlush
            85C1              85C1  ATA._error
            85C4              85C4  _divisionBy0Handler
            85D8              85D8  _invalidOpcodeInterruptHandler
            85EC              85EC  _deviceNotAvailableInterruptHandler
            8600              8600  _invalidTSSInterruptHandler
            8614              8614  _segmentNotPresentInterruptHandler
            8628              8628  _stackSegmentFaultInterruptHandler
            863C              863C  _generalProtectionFaultInterruptHandler
            8650              8650  _pageFaultInterruptHandler
            8664              8664  _floatingPointExceptionHandler
            8678              8678  _keyboardInterruptHandler
            868D              868D  _clockInterruptHandler
            8693              8693  _syscallHandler
            869C              869C  syscallTable
            86AC              86AC  IDTInterruptGatePattern
            86BC              86BC  _sysRead
            86BC              86BC  _loadIDT
            88ED              88ED  _loadIDTCycle
            890A              890A  _defineIDTInterruptGate
            8924              8924  IDTPointer
            892E              892E  _memcpyq
            893F              893F  _break
            8940              8940  _haltMachine
            8942              8942  _chill
            8945              8945  _memset
            894C              894C  temp
            8960              8960  _intToString
            896F              896F  _intToString._notNegative
            89B1              89B1  _assignFlippedIntegerPortion
            89BC              89BC  _assignFlippedIntegerPortionIf
            89C1              89C1  _assignFlippedIntegerPortionElse
            89C4              89C4  _assignFlippedIntegerPortionAfter
            89D0              89D0  _flipString
            89D3              89D3  _flipString._flipStringCycle1
            89DC              89DC  _flipString._flipStringCycle2
            89EC              89EC  _memclrb
            89F6              89F6  _strcpy
            8A0A              8A0A  _pusha
            8A67              8A67  _popa
            8A88              8A88  done
            8A8F              8A8F  lineBreak
            8A91              8A91  loadingIDT
            8AA1              8AA1  sector
            8CA1              8CA1  message

---- Section .data ------------------------------------------------------------

Real              Virtual           Name
            8CD4              8CD4  Keyboard.shiftFlag
            8CD5              8CD5  Keyboard.buffer
            8CD9              8CD9  Keyboard.inputCounter
            8CDA              8CDA  Keyboard.inputBuffer
            8CDB              8CDB  PCI.lookingForPCIDevices
            8CF6              8CF6  PCI.buffer
            8CFC              8CFC  PCI.vendorIdString
            8D0C              8D0C  PCI.deviceIdString
            8D18              8D18  PCI.classAndSubclassIdsString
            8D31              8D31  divisionBy0
            8D59              8D59  _invalidOpcodeInterruptHandler.invalidOpcode
            8D8A              8D8A  _deviceNotAvailableInterruptHandler.deviceNotAvailable
            8DA6              8DA6  _invalidTSSInterruptHandler.invalidTSS
            8DC0              8DC0  _segmentNotPresentInterruptHandler.segmentNotPresent
            8E0F              8E0F  _stackSegmentFaultInterruptHandler.stackSegmentFault
            8E2F              8E2F  _generalProtectionFaultInterruptHandler.generalProtectionFault
            8E51              8E51  _pageFaultInterruptHandler.pageFault
            8E65              8E65  _floatingPointExceptionHandler.floatingPointException

