
- NASM Map file ---------------------------------------------------------------

Source file:  Src/Kernel/main.asm
Output file:  Build/kernel.bin

-- Program origin -------------------------------------------------------------

00007E00

-- Sections (summary) ---------------------------------------------------------

Vstart            Start             Stop              Length    Class     Name
            7E00              7E00              8A41  00000C41  progbits  .text
            8A44              8A44              8C63  0000021F  progbits  .data

-- Sections (detailed) --------------------------------------------------------

---- Section .text ------------------------------------------------------------

class:     progbits
length:                 C41
start:                 7E00
align:     not defined
follows:   not defined
vstart:                7E00
valign:    not defined
vfollows:  not defined

---- Section .data ------------------------------------------------------------

class:     progbits
length:                 21F
start:                 8A44
align:                    4
follows:   not defined
vstart:                8A44
valign:    not defined
vfollows:  not defined

-- Symbols --------------------------------------------------------------------

---- No Section ---------------------------------------------------------------

Value     Name
00000060  Keyboard.DATAPORT
00000064  Keyboard._cOMMANDPORT
000B8000  Screen.VIDEO_ADDRESS
00000019  Screen.MAX_ROWS
00000050  Screen.MAX_COLS
00000007  Screen.GRAY_ON_BLACK
000003D4  Screen.REG_SCREEN_CTRL
000003D5  Screen.REG_SCREEN_DATA
00000CFC  PCI.dataPort
00000CF8  PCI.commandPort
000001F0  ATA.port0Base
00000170  ATA.port1Base
000001E8  ATA.port2Base
00000168  ATA.port3Base
00000000  ATA.dataPortOffset
00000001  ATA.errorPortOffset
00000002  ATA.sectorCountPortOffset
00000003  ATA.lbaLowPortOffset
00000004  ATA.lbaMidPortOffset
00000005  ATA.lbaHighPortOffset
00000006  ATA.devicePortOffset
00000007  ATA.commandPortOffset
00000206  ATA.controlPortOffset
00000200  ATA.bytesPerSector
000000A0  ATA.devicePortIdentifyMasterMessage
000000B0  ATA.devicePortIdentifySlaveMessage
000000E0  ATA.devicePortReadWriteMasterMessage
000000F0  ATA.devicePortReadWriteSlaveMessage
000000EC  ATA.commandPortIdentifyMessage
00000020  ATA.commandPortReadMessage
00000030  ATA.commandPortWriteMessage
000000E7  ATA.commandPortFlushMessage
00000000  IDT_OFFSET


---- Section .text ------------------------------------------------------------

Real              Virtual           Name
            7E00              7E00  _startLM
            7E41              7E41  Keyboard
            7E41              7E41  Keyboard._getKey
            7ED7              7ED7  Keyboard._keyboardIfShift
            7EDF              7EDF  Keyboard._keyboardElseShift
            7EE5              7EE5  Keyboard.default
            7EF7              7EF7  Keyboard._caseShiftPushed
            7F01              7F01  Keyboard._caseShiftReleased
            7F0B              7F0B  Keyboard.keyboardToAsciiSwitchTable
            7F78              7F78  Screen
            7F78              7F78  Screen._printAt
            7F7C              7F7C  Screen._defaultCharacterStyle
            7F7E              7F7E  Screen._defaultCharacterStyleAfter
            7F96              7F96  Screen._ifGetCursor
            7F9B              7F9B  Screen._getCursorAfter
            7FA2              7FA2  Screen._writeCharacterCycle
            7FB0              7FB0  Screen._ifNewLineCharacter
            7FD2              7FD2  Screen._elseNewLineCharacter
            7FD9              7FD9  Screen._newLineCharacterAfter
            7FF8              7FF8  Screen._getVideomemoryOffset
            800F              800F  Screen._getCursor
            802D              802D  Screen._setCursor
            804D              804D  Screen._print
            8057              8057  Screen._clearScreen
            806B              806B  Screen._clearScreenCycle
            807D              807D  Screen._handleScrolling
            80A6              80A6  Screen._backspace
            80D6              80D6  Screen._backspacePrevLineElse
            80E4              80E4  Screen._backspacePrevLineIf
            80EE              80EE  Screen._backspaceCycle
            80FE              80FE  Screen._backspaceCycleAfter
            8108              8108  Screen._cursorGoRight
            812F              812F  Screen._cursorGoLeft
            8154              8154  Screen._cursorGoUp
            816D              816D  Screen._cursorGoDown
            8187              8187  PCI
            8187              8187  PCI._readFromFunction
            8197              8197  PCI._writeToFunction
            81A9              81A9  PCI._deviceHasFunctions
            81B7              81B7  PCI._getId
            81CB              81CB  PCI._init
            81DE              81DE  PCI._busesEnumerationCycle
            81ED              81ED  PCI._devicesEnumerationCycle
            820F              820F  PCI._ifDeviceHasFunctions
            8216              8216  PCI._elseDeviceHasFunctions
            821B              821B  PCI._functionsEnumerationCycle
            82CD              82CD  PCI._functionsEnumerationCycleContinue
            82D6              82D6  PCI._functionsEnumerationCycleReturn
            82DF              82DF  PCI._devicesEnumerationCycleReturn
            82E8              82E8  ATA
            82E8              82E8  ATA._identify
            82EC              82EC  ATA._ifTalkToMasterIdentify
            82F0              82F0  ATA._ifTalkToSlaveIdentify
            82F2              82F2  ATA._ifTalkToReturnIdentify
            8315              8315  ATA._ifNoDevice
            8318              8318  ATA._elseNoDevice
            833E              833E  ATA._waitForDevice
            834E              834E  ATA._waitStatusConfirmed
            8351              8351  ATA._waitForDeviceReturn
            835A              835A  ATA._identifyReadCycle
            8361              8361  ATA._checkATAPort
            8371              8371  ATA._ifATADeviceExists
            83AE              83AE  ATA._printMaster
            83BE              83BE  ATA._printSlave
            83CE              83CE  ATA._init
            8446              8446  ATA._printNoDevices
            8456              8456  ATA._read
            845A              845A  ATA._ifTalkToMasterRead
            845E              845E  ATA._ifTalkToSlaveRead
            8460              8460  ATA._ifTalkToReturnRead
            849C              849C  ATA._waitForDeviceRead
            84B0              84B0  ATA._waitStatusConfirmedRead
            84B3              84B3  ATA._waitForDeviceReturnRead
            84BD              84BD  ATA._readCycle
            84D0              84D0  ATA._ifOddAfterReadCycle
            84D4              84D4  ATA._ifOddAfterReadCycleReturn
            84D7              84D7  ATA._write
            84DB              84DB  ATA._ifTalkToMasterWrite
            84DF              84DF  ATA._ifTalkToSlaveWrite
            84E1              84E1  ATA._ifTalkToReturnWrite
            8524              8524  ATA._writeCycle
            8532              8532  ATA._flush
            8536              8536  ATA._ifTalkToMasterFlush
            853A              853A  ATA._ifTalkToSlaveFlush
            853C              853C  ATA._ifTalkToReturnFlush
            854B              854B  ATA._waitForDeviceFlush
            855B              855B  ATA._waitStatusConfirmedFlush
            855E              855E  ATA._waitForDeviceReturnFlush
            8561              8561  ATA._error
            8564              8564  _divisionBy0Handler
            8578              8578  _invalidOpcodeInterruptHandler
            858C              858C  _deviceNotAvailableInterruptHandler
            85A0              85A0  _invalidTSSInterruptHandler
            85B4              85B4  _segmentNotPresentInterruptHandler
            85C8              85C8  _stackSegmentFaultInterruptHandler
            85DC              85DC  _generalProtectionFaultInterruptHandler
            85F0              85F0  _pageFaultInterruptHandler
            8604              8604  _floatingPointExceptionHandler
            8618              8618  _keyboardInterruptHandler
            862D              862D  _clockInterruptHandler
            8633              8633  _syscallHandler
            863C              863C  syscallTable
            864C              864C  IDTInterruptGatePattern
            865C              865C  _sysRead
            865C              865C  _loadIDT
            888D              888D  _loadIDTCycle
            88AA              88AA  _defineIDTInterruptGate
            88C4              88C4  IDTPointer
            88CE              88CE  _memcpyq
            88DF              88DF  _break
            88E0              88E0  _haltMachine
            88E2              88E2  _chill
            88E5              88E5  _memset
            88EC              88EC  temp
            8900              8900  _intToString
            890F              890F  _intToString._notNegative
            8951              8951  _assignFlippedIntegerPortion
            895C              895C  _assignFlippedIntegerPortionIf
            8961              8961  _assignFlippedIntegerPortionElse
            8964              8964  _assignFlippedIntegerPortionAfter
            8970              8970  _flipString
            8973              8973  _flipString._flipStringCycle1
            897C              897C  _flipString._flipStringCycle2
            898C              898C  _memclrb
            8996              8996  _strcpy
            89AA              89AA  _pusha
            8A07              8A07  _popa
            8A28              8A28  done
            8A2F              8A2F  lineBreak
            8A31              8A31  loadingIDT

---- Section .data ------------------------------------------------------------

Real              Virtual           Name
            8A44              8A44  Keyboard.shiftFlag
            8A45              8A45  Keyboard.buffer
            8A49              8A49  Keyboard.inputCounter
            8A4A              8A4A  Keyboard.inputBuffer
            8A4B              8A4B  PCI.lookingForPCIDevices
            8A65              8A65  PCI.buffer
            8A6B              8A6B  PCI.vendorIdString
            8A7B              8A7B  PCI.deviceIdString
            8A87              8A87  PCI.classAndSubclassIdsString
            8AA0              8AA0  ATA.ATADeviceDetectedMessage
            8AC0              8AC0  ATA.lookForATADevicesMessage
            8ADA              8ADA  ATA.noDevicesMessage
            8AF5              8AF5  ATA.slaveMessage
            8AFC              8AFC  ATA.masterMessage
            8B04              8B04  ATA.ATAPortBaseHex
            8B09              8B09  divisionBy0
            8B31              8B31  _invalidOpcodeInterruptHandler.invalidOpcode
            8B62              8B62  _deviceNotAvailableInterruptHandler.deviceNotAvailable
            8B7E              8B7E  _invalidTSSInterruptHandler.invalidTSS
            8B98              8B98  _segmentNotPresentInterruptHandler.segmentNotPresent
            8BE7              8BE7  _stackSegmentFaultInterruptHandler.stackSegmentFault
            8C07              8C07  _generalProtectionFaultInterruptHandler.generalProtectionFault
            8C29              8C29  _pageFaultInterruptHandler.pageFault
            8C3D              8C3D  _floatingPointExceptionHandler.floatingPointException

