
- NASM Map file ---------------------------------------------------------------

Source file:  src/kernel.asm
Output file:  build/kernel.bin

-- Program origin -------------------------------------------------------------

00007E00

-- Sections (summary) ---------------------------------------------------------

Vstart            Start             Stop              Length    Class     Name
            7E00              7E00              8AC4  00000CC4  progbits  .text
            8AC4              8AC4              8F8C  000004C8  progbits  .data

-- Sections (detailed) --------------------------------------------------------

---- Section .text ------------------------------------------------------------

class:     progbits
length:                 CC4
start:                 7E00
align:     not defined
follows:   not defined
vstart:                7E00
valign:    not defined
vfollows:  not defined

---- Section .data ------------------------------------------------------------

class:     progbits
length:                 4C8
start:                 8AC4
align:                    4
follows:   not defined
vstart:                8AC4
valign:    not defined
vfollows:  not defined

-- Symbols --------------------------------------------------------------------

---- No Section ---------------------------------------------------------------

Value     Name
00000060  Keyboard.DATAPORT
00000064  Keyboard._cOMMANDPORT
000B8000  Screen.VIDEO_ADDRESS
00000019  Screen.MAX_ROWS
00000050  Screen.MAX_COLS
00000007  Screen.GRAY_ON_BLACK
000003D4  Screen.REG_SCREEN_CTRL
000003D5  Screen.REG_SCREEN_DATA
00000CFC  PCI.dataPort
00000CF8  PCI.commandPort
000001F0  ATA.port0Base
00000170  ATA.port1Base
000001E8  ATA.port2Base
00000168  ATA.port3Base
00000000  ATA.dataPortOffset
00000001  ATA.errorPortOffset
00000002  ATA.sectorCountPortOffset
00000003  ATA.lbaLowPortOffset
00000004  ATA.lbaMidPortOffset
00000005  ATA.lbaHighPortOffset
00000006  ATA.devicePortOffset
00000007  ATA.commandPortOffset
00000206  ATA.controlPortOffset
00000200  ATA.bytesPerSector
000000A0  ATA.devicePortIdentifyMasterMessage
000000B0  ATA.devicePortIdentifySlaveMessage
000000E0  ATA.devicePortReadWriteMasterMessage
000000F0  ATA.devicePortReadWriteSlaveMessage
000000EC  ATA.commandPortIdentifyMessage
00000020  ATA.commandPortReadMessage
00000030  ATA.commandPortWriteMessage
000000E7  ATA.commandPortFlushMessage
00000000  IDT_OFFSET


---- Section .text ------------------------------------------------------------

Real              Virtual           Name
            7E00              7E00  _startLM
            7EE0              7EE0  Keyboard
            7EE0              7EE0  Keyboard._getKey
            7F3B              7F3B  Keyboard._ifShift
            7F43              7F43  Keyboard._elseShift
            7F49              7F49  Keyboard.default
            7F5B              7F5B  Keyboard._caseShiftPushed
            7F65              7F65  Keyboard._caseShiftReleased
            7F6F              7F6F  Screen
            7F6F              7F6F  Screen._printAt
            7F73              7F73  Screen._defaultCharacterStyle
            7F75              7F75  Screen._defaultCharacterStyleAfter
            7F8D              7F8D  Screen._ifGetCursor
            7F92              7F92  Screen._getCursorAfter
            7F99              7F99  Screen._writeCharacterCycle
            7FA7              7FA7  Screen._ifNewLineCharacter
            7FC9              7FC9  Screen._elseNewLineCharacter
            7FD0              7FD0  Screen._newLineCharacterAfter
            7FEF              7FEF  Screen._getVideomemoryOffset
            8006              8006  Screen._getCursor
            8024              8024  Screen._setCursor
            8044              8044  Screen._print
            804C              804C  Screen._clearScreen
            8060              8060  Screen._clearScreenCycle
            8072              8072  Screen._scroll
            809B              809B  Screen._eraseCell
            80CB              80CB  Screen._eraseCellPrevLineElse
            80D9              80D9  Screen._eraseCellPrevLineIf
            80E3              80E3  Screen._eraseCellCycle
            80F3              80F3  Screen._eraseCellCycleAfter
            80FD              80FD  Screen._moveCursorRight
            8124              8124  Screen._moveCursorLeft
            8149              8149  Screen._moveCursorUp
            8162              8162  Screen._moveCursorDown
            817C              817C  PCI
            817C              817C  PCI._readFromFunction
            818C              818C  PCI._writeToFunction
            819E              819E  PCI._deviceHasFunctions
            81AC              81AC  PCI._getId
            81C0              81C0  PCI._init
            81D3              81D3  PCI._busesEnumerationCycle
            81E2              81E2  PCI._devicesEnumerationCycle
            8204              8204  PCI._ifDeviceHasFunctions
            820B              820B  PCI._elseDeviceHasFunctions
            8210              8210  PCI._functionsEnumerationCycle
            82C2              82C2  PCI._functionsEnumerationCycleContinue
            82CB              82CB  PCI._functionsEnumerationCycleReturn
            82D4              82D4  PCI._devicesEnumerationCycleReturn
            82DD              82DD  ATA
            82DD              82DD  ATA._identify
            82E1              82E1  ATA._ifTalkToMasterIdentify
            82E5              82E5  ATA._ifTalkToSlaveIdentify
            82E7              82E7  ATA._ifTalkToReturnIdentify
            830A              830A  ATA._ifNoDevice
            830D              830D  ATA._elseNoDevice
            8333              8333  ATA._waitForDevice
            8343              8343  ATA._waitStatusConfirmed
            8346              8346  ATA._waitForDeviceReturn
            834F              834F  ATA._identifyReadCycle
            8356              8356  ATA._checkPort
            8366              8366  ATA._ifATADeviceExists
            83C1              83C1  ATA._printMaster
            83D1              83D1  ATA._printSlave
            83E1              83E1  ATA._init
            8429              8429  ATA._printNoDevices
            8439              8439  ATA._read
            843D              843D  ATA._ifTalkToMasterRead
            8441              8441  ATA._ifTalkToSlaveRead
            8443              8443  ATA._ifTalkToReturnRead
            847F              847F  ATA._waitForDeviceRead
            8493              8493  ATA._waitStatusConfirmedRead
            8496              8496  ATA._waitForDeviceReturnRead
            84A0              84A0  ATA._readCycle
            84B3              84B3  ATA._ifOddAfterReadCycle
            84B7              84B7  ATA._ifOddAfterReadCycleReturn
            84B8              84B8  ATA._write
            84BC              84BC  ATA._ifTalkToMasterWrite
            84C0              84C0  ATA._ifTalkToSlaveWrite
            84C2              84C2  ATA._ifTalkToReturnWrite
            8505              8505  ATA._writeCycle
            8511              8511  ATA._flush
            8515              8515  ATA._ifTalkToMasterFlush
            8519              8519  ATA._ifTalkToSlaveFlush
            851B              851B  ATA._ifTalkToReturnFlush
            852A              852A  ATA._waitForDeviceFlush
            853A              853A  ATA._waitStatusConfirmedFlush
            853D              853D  ATA._waitForDeviceReturnFlush
            8540              8540  ATA._throwError
            8543              8543  Filesystem
            8543              8543  Filesystem._init
            85BE              85BE  _divisionBy0Handler
            85D2              85D2  _invalidOpcodeInterruptHandler
            85E6              85E6  _deviceNotAvailableInterruptHandler
            85FA              85FA  _invalidTSSInterruptHandler
            860E              860E  _segmentNotPresentInterruptHandler
            8622              8622  _stackSegmentFaultInterruptHandler
            8636              8636  _generalProtectionFaultInterruptHandler
            864A              864A  _pageFaultInterruptHandler
            865E              865E  _floatingPointExceptionHandler
            8672              8672  _keyboardInterruptHandler
            8687              8687  _clockInterruptHandler
            868D              868D  _syscallHandler
            8696              8696  syscallTable
            86A6              86A6  _sysRead
            86A6              86A6  _loadIDT
            88D7              88D7  _loadIDTCycle
            88F4              88F4  _defineIDTInterruptGate
            890E              890E  IDTPointer
            8918              8918  IDTInterruptGatePattern
            8928              8928  IDTTrapGatePattern
            8938              8938  _memcpyb
            8945              8945  _memcpyq
            8956              8956  _break
            8957              8957  _halt
            8959              8959  _chill
            895C              895C  _memset
            8963              8963  temp
            8977              8977  _itoa
            8986              8986  _itoa._notNegative
            89C8              89C8  _itofa
            89D3              89D3  _itofa._if
            89D8              89D8  _itofa._else
            89DB              89DB  _itofa._after
            89E7              89E7  _flipstr
            89EA              89EA  _flipstr._flipstrCycle1
            89F3              89F3  _flipstr._flipstrCycle2
            8A03              8A03  _memclrb
            8A0D              8A0D  _strcpy
            8A21              8A21  _pusha
            8A7E              8A7E  _popa
            8A9F              8A9F  done
            8AA6              8AA6  lineBreak
            8AA8              8AA8  space
            8AAA              8AAA  loadingIDT
            8ABA              8ABA  buffer

---- Section .data ------------------------------------------------------------

Real              Virtual           Name
            8AC4              8AC4  Keyboard.shiftFlag
            8AC5              8AC5  Keyboard.buffer
            8AC9              8AC9  Keyboard.keyboardToAsciiTable
            8B36              8B36  PCI.lookingForPCIDevices
            8B51              8B51  PCI.buffer
            8B57              8B57  PCI.vendorIdString
            8B67              8B67  PCI.deviceIdString
            8B73              8B73  PCI.classAndSubclassIdsString
            8B8C              8B8C  ATA.ATADeviceDetectedMessage
            8BAC              8BAC  ATA.lookForATADevicesMessage
            8BC7              8BC7  ATA.noDevicesMessage
            8BE2              8BE2  ATA.slaveMessage
            8BE9              8BE9  ATA.masterMessage
            8BF1              8BF1  ATA.ATAPortBaseHex
            8BF6              8BF6  Filesystem.buffer
            8DF6              8DF6  Filesystem.bytesPerSector
            8DFE              8DFE  Filesystem.sectorsPerCluster
            8E06              8E06  Filesystem.FATs
            8E0E              8E0E  Filesystem.rootDirEntries
            8E16              8E16  Filesystem.sectors
            8E1E              8E1E  Filesystem.sectorsPerFAT
            8E26              8E26  Filesystem.label
            8E32              8E32  divisionBy0
            8E5A              8E5A  _invalidOpcodeInterruptHandler.invalidOpcode
            8E8B              8E8B  _deviceNotAvailableInterruptHandler.deviceNotAvailable
            8EA7              8EA7  _invalidTSSInterruptHandler.invalidTSS
            8EC1              8EC1  _segmentNotPresentInterruptHandler.segmentNotPresent
            8F10              8F10  _stackSegmentFaultInterruptHandler.stackSegmentFault
            8F30              8F30  _generalProtectionFaultInterruptHandler.generalProtectionFault
            8F52              8F52  _pageFaultInterruptHandler.pageFault
            8F66              8F66  _floatingPointExceptionHandler.floatingPointException

