
- NASM Map file ---------------------------------------------------------------

Source file:  src/kernel/main.asm
Output file:  build/kernel.bin

-- Program origin -------------------------------------------------------------

00007E00

-- Sections (summary) ---------------------------------------------------------

Vstart            Start             Stop              Length    Class     Name
            7E00              7E00              89FE  00000BFE  progbits  .text
            8A00              8A00              8C1D  0000021D  progbits  .data

-- Sections (detailed) --------------------------------------------------------

---- Section .text ------------------------------------------------------------

class:     progbits
length:                 BFE
start:                 7E00
align:     not defined
follows:   not defined
vstart:                7E00
valign:    not defined
vfollows:  not defined

---- Section .data ------------------------------------------------------------

class:     progbits
length:                 21D
start:                 8A00
align:                    4
follows:   not defined
vstart:                8A00
valign:    not defined
vfollows:  not defined

-- Symbols --------------------------------------------------------------------

---- No Section ---------------------------------------------------------------

Value     Name
00000060  KEYBOARD_DATAPORT
00000064  KEYBOARD_COMMANDPORT
000B8000  Screen.VIDEO_ADDRESS
00000019  Screen.MAX_ROWS
00000050  Screen.MAX_COLS
00000007  Screen.GRAY_ON_BLACK
000003D4  Screen.REG_SCREEN_CTRL
000003D5  Screen.REG_SCREEN_DATA
00000CFC  PCI.dataPort
00000CF8  PCI.commandPort
000001F0  ATA.port0Base
00000170  ATA.port1Base
000001E8  ATA.port2Base
00000168  ATA.port3Base
00000000  ATA.dataPortOffset
00000001  ATA.errorPortOffset
00000002  ATA.sectorCountPortOffset
00000003  ATA.lbaLowPortOffset
00000004  ATA.lbaMidPortOffset
00000005  ATA.lbaHighPortOffset
00000006  ATA.devicePortOffset
00000007  ATA.commandPortOffset
00000206  ATA.controlPortOffset
00000200  ATA.bytesPerSector
000000A0  ATA.devicePortIdentifyMasterMessage
000000B0  ATA.devicePortIdentifySlaveMessage
000000E0  ATA.devicePortReadWriteMasterMessage
000000F0  ATA.devicePortReadWriteSlaveMessage
000000EC  ATA.commandPortIdentifyMessage
00000020  ATA.commandPortReadMessage
00000030  ATA.commandPortWriteMessage
000000E7  ATA.commandPortFlushMessage
00000000  IDT_OFFSET


---- Section .text ------------------------------------------------------------

Real              Virtual           Name
            7E00              7E00  _startLM
            7E41              7E41  _getKeyboardKey
            7E9C              7E9C  _keyboardIfShift
            7EA4              7EA4  _keyboardElseShift
            7EAA              7EAA  _keyboardCaseAfter
            7EBC              7EBC  _keyboardCaseShiftPushed
            7EC6              7EC6  _keyboardCaseShiftReleased
            7ED0              7ED0  keyboardToAsciiSwitchTable
            7F3C              7F3C  Screen
            7F3C              7F3C  Screen._printAt
            7F40              7F40  Screen._defaultCharacterStyle
            7F42              7F42  Screen._defaultCharacterStyleAfter
            7F5A              7F5A  Screen._ifGetCursor
            7F5F              7F5F  Screen._getCursorAfter
            7F66              7F66  Screen._writeCharacterCycle
            7F74              7F74  Screen._ifNewLineCharacter
            7F96              7F96  Screen._elseNewLineCharacter
            7F9D              7F9D  Screen._newLineCharacterAfter
            7FBC              7FBC  Screen._getVideomemoryOffset
            7FD3              7FD3  Screen._getCursor
            7FF1              7FF1  Screen._setCursor
            8011              8011  Screen._print
            801B              801B  Screen._clearScreen
            802F              802F  Screen._clearScreenCycle
            8041              8041  Screen._handleScrolling
            806A              806A  Screen._backspace
            809A              809A  Screen._backspacePrevLineElse
            80A8              80A8  Screen._backspacePrevLineIf
            80B2              80B2  Screen._backspaceCycle
            80C2              80C2  Screen._backspaceCycleAfter
            80CC              80CC  Screen._cursorGoRight
            80F3              80F3  Screen._cursorGoLeft
            8118              8118  Screen._cursorGoUp
            8131              8131  Screen._cursorGoDown
            814B              814B  PCI
            814B              814B  PCI._readFromFunction
            815B              815B  PCI._writeToFunction
            816D              816D  PCI._deviceHasFunctions
            817B              817B  PCI._getId
            818F              818F  PCI._init
            81A2              81A2  PCI._busesEnumerationCycle
            81B1              81B1  PCI._devicesEnumerationCycle
            81D3              81D3  PCI._ifDeviceHasFunctions
            81DA              81DA  PCI._elseDeviceHasFunctions
            81DF              81DF  PCI._functionsEnumerationCycle
            8291              8291  PCI._functionsEnumerationCycleContinue
            829A              829A  PCI._functionsEnumerationCycleReturn
            82A3              82A3  PCI._devicesEnumerationCycleReturn
            82AC              82AC  ATA
            82AC              82AC  ATA._identify
            82B0              82B0  ATA._ifTalkToMasterIdentify
            82B4              82B4  ATA._ifTalkToSlaveIdentify
            82B6              82B6  ATA._ifTalkToReturnIdentify
            82D9              82D9  ATA._ifNoDevice
            82DC              82DC  ATA._elseNoDevice
            8302              8302  ATA._waitForDevice
            8312              8312  ATA._waitStatusConfirmed
            8315              8315  ATA._waitForDeviceReturn
            831E              831E  ATA._identifyReadCycle
            8325              8325  ATA._checkATAPort
            8335              8335  ATA._ifATADeviceExists
            8372              8372  ATA._printMaster
            8382              8382  ATA._printSlave
            8392              8392  ATA._init
            840A              840A  ATA._printNoDevices
            841A              841A  ATA._read
            841E              841E  ATA._ifTalkToMasterRead
            8422              8422  ATA._ifTalkToSlaveRead
            8424              8424  ATA._ifTalkToReturnRead
            8460              8460  ATA._waitForDeviceRead
            8474              8474  ATA._waitStatusConfirmedRead
            8477              8477  ATA._waitForDeviceReturnRead
            8481              8481  ATA._readCycle
            8494              8494  ATA._ifOddAfterReadCycle
            8498              8498  ATA._ifOddAfterReadCycleReturn
            849B              849B  ATA._write
            849F              849F  ATA._ifTalkToMasterWrite
            84A3              84A3  ATA._ifTalkToSlaveWrite
            84A5              84A5  ATA._ifTalkToReturnWrite
            84E8              84E8  ATA._writeCycle
            84F6              84F6  ATA._flush
            84FA              84FA  ATA._ifTalkToMasterFlush
            84FE              84FE  ATA._ifTalkToSlaveFlush
            8500              8500  ATA._ifTalkToReturnFlush
            850F              850F  ATA._waitForDeviceFlush
            851F              851F  ATA._waitStatusConfirmedFlush
            8522              8522  ATA._waitForDeviceReturnFlush
            8525              8525  ATA._error
            8528              8528  _divisionBy0Handler
            853C              853C  _invalidOpcodeInterruptHandler
            8550              8550  _deviceNotAvailableInterruptHandler
            8564              8564  _invalidTSSInterruptHandler
            8578              8578  _segmentNotPresentInterruptHandler
            858C              858C  _stackSegmentFaultInterruptHandler
            85A0              85A0  _generalProtectionFaultInterruptHandler
            85B4              85B4  _pageFaultInterruptHandler
            85C8              85C8  _floatingPointExceptionHandler
            85DC              85DC  _keyboardInterruptHandler
            85F1              85F1  _clockInterruptHandler
            85F7              85F7  _syscallHandler
            8600              8600  syscallTable
            8610              8610  IDTInterruptGatePattern
            8620              8620  _sysRead
            8620              8620  _loadIDT
            8851              8851  _loadIDTCycle
            886E              886E  _defineIDTInterruptGate
            8888              8888  IDTPointer
            8892              8892  _memcpyq
            88A3              88A3  _break
            88A4              88A4  _haltMachine
            88A6              88A6  _chill
            88A9              88A9  temp
            88BD              88BD  _intToString
            88CC              88CC  _intToString._notNegative
            890E              890E  _assignFlippedIntegerPortion
            8919              8919  _assignFlippedIntegerPortionIf
            891E              891E  _assignFlippedIntegerPortionElse
            8921              8921  _assignFlippedIntegerPortionAfter
            892D              892D  _flipString
            8930              8930  _flipString._flipStringCycle1
            8939              8939  _flipString._flipStringCycle2
            8949              8949  _memclrb
            8953              8953  _strcpy
            8967              8967  _pusha
            89C4              89C4  _popa
            89E5              89E5  done
            89EC              89EC  lineBreak
            89EE              89EE  loadingIDT

---- Section .data ------------------------------------------------------------

Real              Virtual           Name
            8A00              8A00  shiftFlag
            8A01              8A01  keyboardBuffer
            8A03              8A03  inputCounter
            8A04              8A04  inputBuffer
            8A05              8A05  PCI.lookingForPCIDevices
            8A1F              8A1F  PCI.buffer
            8A25              8A25  PCI.vendorIdString
            8A35              8A35  PCI.deviceIdString
            8A41              8A41  PCI.classAndSubclassIdsString
            8A5A              8A5A  ATA.ATADeviceDetectedMessage
            8A7A              8A7A  ATA.lookForATADevicesMessage
            8A94              8A94  ATA.noDevicesMessage
            8AAF              8AAF  ATA.slaveMessage
            8AB6              8AB6  ATA.masterMessage
            8ABE              8ABE  ATA.ATAPortBaseHex
            8AC3              8AC3  divisionBy0
            8AEB              8AEB  _invalidOpcodeInterruptHandler.invalidOpcode
            8B1C              8B1C  _deviceNotAvailableInterruptHandler.deviceNotAvailable
            8B38              8B38  _invalidTSSInterruptHandler.invalidTSS
            8B52              8B52  _segmentNotPresentInterruptHandler.segmentNotPresent
            8BA1              8BA1  _stackSegmentFaultInterruptHandler.stackSegmentFault
            8BC1              8BC1  _generalProtectionFaultInterruptHandler.generalProtectionFault
            8BE3              8BE3  _pageFaultInterruptHandler.pageFault
            8BF7              8BF7  _floatingPointExceptionHandler.floatingPointException

