
- NASM Map file ---------------------------------------------------------------

Source file:  src/kernel/main.asm
Output file:  build/kernel.bin

-- Program origin -------------------------------------------------------------

00007E00

-- Sections (summary) ---------------------------------------------------------

Vstart            Start             Stop              Length    Class     Name
            7E00              7E00              89FE  00000BFE  progbits  .text
            8A00              8A00              8C5E  0000025E  progbits  .data

-- Sections (detailed) --------------------------------------------------------

---- Section .text ------------------------------------------------------------

class:     progbits
length:                 BFE
start:                 7E00
align:     not defined
follows:   not defined
vstart:                7E00
valign:    not defined
vfollows:  not defined

---- Section .data ------------------------------------------------------------

class:     progbits
length:                 25E
start:                 8A00
align:                    4
follows:   not defined
vstart:                8A00
valign:    not defined
vfollows:  not defined

-- Symbols --------------------------------------------------------------------

---- No Section ---------------------------------------------------------------

Value     Name
00000060  KEYBOARD_DATAPORT
00000064  KEYBOARD_COMMANDPORT
000B8000  VIDEO_ADDRESS
00000019  MAX_ROWS
00000050  MAX_COLS
00000007  GRAY_ON_BLACK
000003D4  REG_SCREEN_CTRL
000003D5  REG_SCREEN_DATA
000001F0  ATA.port0Base
00000170  ATA.port1Base
000001E8  ATA.port2Base
00000168  ATA.port3Base
00000000  ATA.dataPortOffset
00000001  ATA.errorPortOffset
00000002  ATA.sectorCountPortOffset
00000003  ATA.lbaLowPortOffset
00000004  ATA.lbaMidPortOffset
00000005  ATA.lbaHighPortOffset
00000006  ATA.devicePortOffset
00000007  ATA.commandPortOffset
00000206  ATA.controlPortOffset
00000200  ATA.bytesPerSector
000000A0  ATA.devicePortIdentifyMasterMessage
000000B0  ATA.devicePortIdentifySlaveMessage
000000E0  ATA.devicePortReadWriteMasterMessage
000000F0  ATA.devicePortReadWriteSlaveMessage
000000EC  ATA.commandPortIdentifyMessage
00000020  ATA.commandPortReadMessage
00000030  ATA.commandPortWriteMessage
000000E7  ATA.commandPortFlushMessage
00000CFC  PCI.dataPort
00000CF8  PCI.commandPort
00000000  IDT_OFFSET


---- Section .text ------------------------------------------------------------

Real              Virtual           Name
            7E00              7E00  _startLM
            7E3C              7E3C  _getKeyboardKey
            7E97              7E97  _keyboardIfShift
            7E9F              7E9F  _keyboardElseShift
            7EA5              7EA5  _keyboardCaseAfter
            7EB7              7EB7  _keyboardCaseShiftPushed
            7EC1              7EC1  _keyboardCaseShiftReleased
            7ECB              7ECB  keyboardToAsciiSwitchTable
            7F37              7F37  _printAt
            7F3B              7F3B  _defaultCharacterStyle
            7F3D              7F3D  _defaultCharacterStyleAfter
            7F55              7F55  _ifGetCursor
            7F5A              7F5A  _getCursorAfter
            7F61              7F61  _writeCharacterCycle
            7F6F              7F6F  _ifNewLineCharacter
            7F91              7F91  _elseNewLineCharacter
            7F98              7F98  _newLineCharacterAfter
            7FB7              7FB7  _getVideomemoryOffset
            7FCE              7FCE  _getCursor
            7FEC              7FEC  _setCursor
            800C              800C  _print
            8016              8016  _clearScreen
            802A              802A  _clearScreenCycle
            803C              803C  _handleScrolling
            8065              8065  _backspace
            8095              8095  _backspacePrevLineElse
            80A3              80A3  _backspacePrevLineIf
            80AD              80AD  _backspaceCycle
            80BD              80BD  _backspaceCycleAfter
            80C7              80C7  _cursorGoRight
            80EE              80EE  _cursorGoLeft
            8113              8113  _cursorGoUp
            812C              812C  _cursorGoDown
            8147              8147  ATA
            8147              8147  ATA._identify
            814B              814B  ATA._ifTalkToMasterIdentify
            814F              814F  ATA._ifTalkToSlaveIdentify
            8151              8151  ATA._ifTalkToReturnIdentify
            8174              8174  ATA._ifNoDevice
            8177              8177  ATA._elseNoDevice
            819D              819D  ATA._waitForDevice
            81AD              81AD  ATA._waitStatusConfirmed
            81B0              81B0  ATA._waitForDeviceReturn
            81B9              81B9  ATA._identifyReadCycle
            81C0              81C0  ATA._checkATAPort
            81D0              81D0  ATA._ifATADeviceExists
            821A              821A  ATA._printMaster
            822A              822A  ATA._printSlave
            823A              823A  ATA._init
            82B2              82B2  ATA._printNoDevices
            82C2              82C2  ATA._read
            82C6              82C6  ATA._ifTalkToMasterRead
            82CA              82CA  ATA._ifTalkToSlaveRead
            82CC              82CC  ATA._ifTalkToReturnRead
            8308              8308  ATA._waitForDeviceRead
            831C              831C  ATA._waitStatusConfirmedRead
            831F              831F  ATA._waitForDeviceReturnRead
            8329              8329  ATA._readCycle
            833C              833C  ATA._ifOddAfterReadCycle
            8340              8340  ATA._ifOddAfterReadCycleReturn
            8343              8343  ATA._write
            8347              8347  ATA._ifTalkToMasterWrite
            834B              834B  ATA._ifTalkToSlaveWrite
            834D              834D  ATA._ifTalkToReturnWrite
            8390              8390  ATA._writeCycle
            839E              839E  ATA._flush
            83A2              83A2  ATA._ifTalkToMasterFlush
            83A6              83A6  ATA._ifTalkToSlaveFlush
            83A8              83A8  ATA._ifTalkToReturnFlush
            83B7              83B7  ATA._waitForDeviceFlush
            83C7              83C7  ATA._waitStatusConfirmedFlush
            83CA              83CA  ATA._waitForDeviceReturnFlush
            83CD              83CD  ATA._error
            83D0              83D0  PCI
            83D0              83D0  PCI._readFromFunction
            83E0              83E0  PCI._writeToFunction
            83F2              83F2  PCI._deviceHasFunctions
            8400              8400  PCI._getId
            8414              8414  PCI._init
            8427              8427  PCI._busesEnumerationCycle
            8436              8436  PCI._devicesEnumerationCycle
            8458              8458  PCI._ifDeviceHasFunctions
            845F              845F  PCI._elseDeviceHasFunctions
            8464              8464  PCI._functionsEnumerationCycle
            8516              8516  PCI._functionsEnumerationCycleContinue
            851F              851F  PCI._functionsEnumerationCycleReturn
            8528              8528  PCI._devicesEnumerationCycleReturn
            8531              8531  _divisionBy0Handler
            8545              8545  _invalidOpcodeInterruptHandler
            8559              8559  _deviceNotAvailableInterruptHandler
            856D              856D  _invalidTSSInterruptHandler
            8581              8581  _segmentNotPresentInterruptHandler
            8595              8595  _stackSegmentFaultInterruptHandler
            85A9              85A9  _generalProtectionFaultInterruptHandler
            85BD              85BD  _pageFaultInterruptHandler
            85D1              85D1  _floatingPointExceptionHandler
            85E5              85E5  _keyboardInterruptHandler
            85FA              85FA  _clockInterruptHandler
            8600              8600  _syscallHandler
            8609              8609  syscallTable
            8619              8619  IDTInterruptGatePattern
            8629              8629  _sysRead
            862F              862F  _sysRead._standardInput
            863F              863F  _sysRead._cycle
            864C              864C  _loadIDT
            887D              887D  _loadIDTCycle
            889A              889A  _defineIDTInterruptGate
            88B4              88B4  IDTPointer
            88BE              88BE  _memcpyq
            88CF              88CF  _break
            88D0              88D0  _interruptBreak
            88D1              88D1  _haltMachine
            88D3              88D3  _sleep
            88D7              88D7  _chill
            88E3              88E3  _minusCheck
            88E9              88E9  _minusConfirmed
            88F2              88F2  _assignFlippedIntegerPortion
            88FD              88FD  _assignFlippedIntegerPortionIf
            8902              8902  _assignFlippedIntegerPortionElse
            8905              8905  _assignFlippedIntegerPortionAfter
            8911              8911  _flipString
            8914              8914  _flipStringCycle1
            891D              891D  _flipStringCycle2
            892D              892D  _intToString
            8974              8974  _addMinus
            897C              897C  _memclrb
            8986              8986  _add0
            898B              898B  _addNewLineCharacter
            8993              8993  _addSpaceCharacter
            899B              899B  _strcpy
            89AF              89AF  _pusha
            89CA              89CA  _popa
            89E5              89E5  done
            89EC              89EC  lineBreak
            89EE              89EE  loadingIDT

---- Section .data ------------------------------------------------------------

Real              Virtual           Name
            8A00              8A00  shiftFlag
            8A01              8A01  keyboardBuffer
            8A03              8A03  inputCounter
            8A04              8A04  inputBuffer
            8A05              8A05  ATA.ATADeviceDetectedMessage
            8A25              8A25  ATA.lookForATADevicesMessage
            8A3F              8A3F  ATA.noDevicesMessage
            8A5A              8A5A  ATA.slaveMessage
            8A61              8A61  ATA.masterMessage
            8A69              8A69  ATA.ATAPortBaseHex
            8A6E              8A6E  PCI.lookingForPCIDevices
            8A88              8A88  PCI.buffer
            8A8E              8A8E  PCI.vendorIdString
            8A9E              8A9E  PCI.deviceIdString
            8AAA              8AAA  PCI.classAndSubclassIdsString
            8AC3              8AC3  divisionBy0
            8AEB              8AEB  _invalidOpcodeInterruptHandler.invalidOpcode
            8B1C              8B1C  _deviceNotAvailableInterruptHandler.deviceNotAvailable
            8B38              8B38  _invalidTSSInterruptHandler.invalidTSS
            8B52              8B52  _segmentNotPresentInterruptHandler.segmentNotPresent
            8BA1              8BA1  _stackSegmentFaultInterruptHandler.stackSegmentFault
            8BC1              8BC1  _generalProtectionFaultInterruptHandler.generalProtectionFault
            8BE3              8BE3  _pageFaultInterruptHandler.pageFault
            8BF7              8BF7  _floatingPointExceptionHandler.floatingPointException
            8C1D              8C1D  temp

