
- NASM Map file ---------------------------------------------------------------

Source file:  src/kernel.asm
Output file:  build/kernel.bin

-- Program origin -------------------------------------------------------------

00007E00

-- Sections (summary) ---------------------------------------------------------

Vstart            Start             Stop              Length    Class     Name
            7E00              7E00              8C50  00000E50  progbits  .text
            8C50              8C50              8EDC  0000028C  progbits  .data

-- Sections (detailed) --------------------------------------------------------

---- Section .text ------------------------------------------------------------

class:     progbits
length:                 E50
start:                 7E00
align:     not defined
follows:   not defined
vstart:                7E00
valign:    not defined
vfollows:  not defined

---- Section .data ------------------------------------------------------------

class:     progbits
length:                 28C
start:                 8C50
align:                    4
follows:   not defined
vstart:                8C50
valign:    not defined
vfollows:  not defined

-- Symbols --------------------------------------------------------------------

---- No Section ---------------------------------------------------------------

Value     Name
00000060  Keyboard.DATAPORT
00000064  Keyboard._cOMMANDPORT
000B8000  Screen.VIDEO_ADDRESS
00000019  Screen.MAX_ROWS
00000050  Screen.MAX_COLS
00000007  Screen.GRAY_ON_BLACK
000003D4  Screen.REG_SCREEN_CTRL
000003D5  Screen.REG_SCREEN_DATA
00000CFC  PCI.dataPort
00000CF8  PCI.commandPort
000001F0  ATA.port0Base
00000170  ATA.port1Base
000001E8  ATA.port2Base
00000168  ATA.port3Base
00000000  ATA.dataPortOffset
00000001  ATA.errorPortOffset
00000002  ATA.sectorCountPortOffset
00000003  ATA.lbaLowPortOffset
00000004  ATA.lbaMidPortOffset
00000005  ATA.lbaHighPortOffset
00000006  ATA.devicePortOffset
00000007  ATA.commandPortOffset
00000206  ATA.controlPortOffset
00000200  ATA.bytesPerSector
000000A0  ATA.devicePortIdentifyMasterMessage
000000B0  ATA.devicePortIdentifySlaveMessage
000000E0  ATA.devicePortReadWriteMasterMessage
000000F0  ATA.devicePortReadWriteSlaveMessage
000000EC  ATA.commandPortIdentifyMessage
00000020  ATA.commandPortReadMessage
00000030  ATA.commandPortWriteMessage
000000E7  ATA.commandPortFlushMessage
00000000  IDT_OFFSET


---- Section .text ------------------------------------------------------------

Real              Virtual           Name
            7E00              7E00  _startLM
            7EBB              7EBB  Keyboard
            7EBB              7EBB  Keyboard._getKey
            7F16              7F16  Keyboard._ifShift
            7F1E              7F1E  Keyboard._elseShift
            7F24              7F24  Keyboard.default
            7F36              7F36  Keyboard._caseShiftPushed
            7F40              7F40  Keyboard._caseShiftReleased
            7F4A              7F4A  Screen
            7F4A              7F4A  Screen._printAt
            7F4E              7F4E  Screen._defaultCharacterStyle
            7F50              7F50  Screen._defaultCharacterStyleAfter
            7F68              7F68  Screen._ifGetCursor
            7F6D              7F6D  Screen._getCursorAfter
            7F74              7F74  Screen._writeCharacterCycle
            7F82              7F82  Screen._ifNewLineCharacter
            7FA4              7FA4  Screen._elseNewLineCharacter
            7FAB              7FAB  Screen._newLineCharacterAfter
            7FCA              7FCA  Screen._getVideomemoryOffset
            7FE1              7FE1  Screen._getCursor
            7FFF              7FFF  Screen._setCursor
            801F              801F  Screen._print
            8027              8027  Screen._clearScreen
            803B              803B  Screen._clearScreenCycle
            804D              804D  Screen._scroll
            8076              8076  Screen._eraseCell
            80A6              80A6  Screen._eraseCellPrevLineElse
            80B4              80B4  Screen._eraseCellPrevLineIf
            80BE              80BE  Screen._eraseCellCycle
            80CE              80CE  Screen._eraseCellCycleAfter
            80D8              80D8  Screen._moveCursorRight
            80FF              80FF  Screen._moveCursorLeft
            8124              8124  Screen._moveCursorUp
            813D              813D  Screen._moveCursorDown
            8157              8157  PCI
            8157              8157  PCI._readFromFunction
            8167              8167  PCI._writeToFunction
            8179              8179  PCI._deviceHasFunctions
            8187              8187  PCI._getId
            819B              819B  PCI._init
            81AE              81AE  PCI._busesEnumerationCycle
            81BD              81BD  PCI._devicesEnumerationCycle
            81DF              81DF  PCI._ifDeviceHasFunctions
            81E6              81E6  PCI._elseDeviceHasFunctions
            81EB              81EB  PCI._functionsEnumerationCycle
            829D              829D  PCI._functionsEnumerationCycleContinue
            82A6              82A6  PCI._functionsEnumerationCycleReturn
            82AF              82AF  PCI._devicesEnumerationCycleReturn
            82B8              82B8  ATA
            82B8              82B8  ATA._identify
            82BC              82BC  ATA._ifTalkToMasterIdentify
            82C0              82C0  ATA._ifTalkToSlaveIdentify
            82C2              82C2  ATA._ifTalkToReturnIdentify
            82E5              82E5  ATA._ifNoDevice
            82E8              82E8  ATA._elseNoDevice
            830E              830E  ATA._waitForDevice
            831E              831E  ATA._waitStatusConfirmed
            8321              8321  ATA._waitForDeviceReturn
            832A              832A  ATA._identifyReadCycle
            8331              8331  ATA._checkPort
            8341              8341  ATA._ifATADeviceExists
            837E              837E  ATA._printMaster
            838E              838E  ATA._printSlave
            839E              839E  ATA._init
            8416              8416  ATA._printNoDevices
            8426              8426  ATA._read
            842A              842A  ATA._ifTalkToMasterRead
            842E              842E  ATA._ifTalkToSlaveRead
            8430              8430  ATA._ifTalkToReturnRead
            846C              846C  ATA._waitForDeviceRead
            8480              8480  ATA._waitStatusConfirmedRead
            8483              8483  ATA._waitForDeviceReturnRead
            848D              848D  ATA._readCycle
            84A0              84A0  ATA._ifOddAfterReadCycle
            84A4              84A4  ATA._ifOddAfterReadCycleReturn
            84A5              84A5  ATA._write
            84A9              84A9  ATA._ifTalkToMasterWrite
            84AD              84AD  ATA._ifTalkToSlaveWrite
            84AF              84AF  ATA._ifTalkToReturnWrite
            84F2              84F2  ATA._writeCycle
            84FE              84FE  ATA._flush
            8502              8502  ATA._ifTalkToMasterFlush
            8506              8506  ATA._ifTalkToSlaveFlush
            8508              8508  ATA._ifTalkToReturnFlush
            8517              8517  ATA._waitForDeviceFlush
            8527              8527  ATA._waitStatusConfirmedFlush
            852A              852A  ATA._waitForDeviceReturnFlush
            852D              852D  ATA._throwError
            8530              8530  _divisionBy0Handler
            8544              8544  _invalidOpcodeInterruptHandler
            8558              8558  _deviceNotAvailableInterruptHandler
            856C              856C  _invalidTSSInterruptHandler
            8580              8580  _segmentNotPresentInterruptHandler
            8594              8594  _stackSegmentFaultInterruptHandler
            85A8              85A8  _generalProtectionFaultInterruptHandler
            85BC              85BC  _pageFaultInterruptHandler
            85D0              85D0  _floatingPointExceptionHandler
            85E4              85E4  _keyboardInterruptHandler
            85F9              85F9  _clockInterruptHandler
            85FF              85FF  _syscallHandler
            8608              8608  syscallTable
            8618              8618  _sysRead
            8618              8618  _loadIDT
            8849              8849  _loadIDTCycle
            8866              8866  _defineIDTInterruptGate
            8880              8880  IDTPointer
            888A              888A  IDTInterruptGatePattern
            889A              889A  IDTTrapGatePattern
            88AA              88AA  _memcpyq
            88BB              88BB  _break
            88BC              88BC  _halt
            88BE              88BE  _chill
            88C1              88C1  _memset
            88C8              88C8  temp
            88DC              88DC  _itoa
            88EB              88EB  _itoa._notNegative
            892D              892D  _itofa
            8938              8938  _itofa._if
            893D              893D  _itofa._else
            8940              8940  _itofa._after
            894C              894C  _flipstr
            894F              894F  _flipstr._flipstrCycle1
            8958              8958  _flipstr._flipstrCycle2
            8968              8968  _memclrb
            8972              8972  _strcpy
            8986              8986  _pusha
            89E3              89E3  _popa
            8A04              8A04  done
            8A0B              8A0B  lineBreak
            8A0D              8A0D  loadingIDT
            8A1D              8A1D  sector
            8C1D              8C1D  message

---- Section .data ------------------------------------------------------------

Real              Virtual           Name
            8C50              8C50  Keyboard.shiftFlag
            8C51              8C51  Keyboard.buffer
            8C55              8C55  Keyboard.keyboardToAsciiTable
            8CC2              8CC2  PCI.lookingForPCIDevices
            8CDD              8CDD  PCI.buffer
            8CE3              8CE3  PCI.vendorIdString
            8CF3              8CF3  PCI.deviceIdString
            8CFF              8CFF  PCI.classAndSubclassIdsString
            8D18              8D18  ATA.ATADeviceDetectedMessage
            8D38              8D38  ATA.lookForATADevicesMessage
            8D53              8D53  ATA.noDevicesMessage
            8D6E              8D6E  ATA.slaveMessage
            8D75              8D75  ATA.masterMessage
            8D7D              8D7D  ATA.ATAPortBaseHex
            8D82              8D82  divisionBy0
            8DAA              8DAA  _invalidOpcodeInterruptHandler.invalidOpcode
            8DDB              8DDB  _deviceNotAvailableInterruptHandler.deviceNotAvailable
            8DF7              8DF7  _invalidTSSInterruptHandler.invalidTSS
            8E11              8E11  _segmentNotPresentInterruptHandler.segmentNotPresent
            8E60              8E60  _stackSegmentFaultInterruptHandler.stackSegmentFault
            8E80              8E80  _generalProtectionFaultInterruptHandler.generalProtectionFault
            8EA2              8EA2  _pageFaultInterruptHandler.pageFault
            8EB6              8EB6  _floatingPointExceptionHandler.floatingPointException

