
- NASM Map file ---------------------------------------------------------------

Source file:  Src/Kernel/main.asm
Output file:  Build/kernel.bin

-- Program origin -------------------------------------------------------------

00007E00

-- Sections (summary) ---------------------------------------------------------

Vstart            Start             Stop              Length    Class     Name
            7E00              7E00              8A06  00000C06  progbits  .text
            8A08              8A08              8C27  0000021F  progbits  .data

-- Sections (detailed) --------------------------------------------------------

---- Section .text ------------------------------------------------------------

class:     progbits
length:                 C06
start:                 7E00
align:     not defined
follows:   not defined
vstart:                7E00
valign:    not defined
vfollows:  not defined

---- Section .data ------------------------------------------------------------

class:     progbits
length:                 21F
start:                 8A08
align:                    4
follows:   not defined
vstart:                8A08
valign:    not defined
vfollows:  not defined

-- Symbols --------------------------------------------------------------------

---- No Section ---------------------------------------------------------------

Value     Name
00000060  Keyboard.DATAPORT
00000064  Keyboard._cOMMANDPORT
000B8000  Screen.VIDEO_ADDRESS
00000019  Screen.MAX_ROWS
00000050  Screen.MAX_COLS
00000007  Screen.GRAY_ON_BLACK
000003D4  Screen.REG_SCREEN_CTRL
000003D5  Screen.REG_SCREEN_DATA
00000CFC  PCI.dataPort
00000CF8  PCI.commandPort
000001F0  ATA.port0Base
00000170  ATA.port1Base
000001E8  ATA.port2Base
00000168  ATA.port3Base
00000000  ATA.dataPortOffset
00000001  ATA.errorPortOffset
00000002  ATA.sectorCountPortOffset
00000003  ATA.lbaLowPortOffset
00000004  ATA.lbaMidPortOffset
00000005  ATA.lbaHighPortOffset
00000006  ATA.devicePortOffset
00000007  ATA.commandPortOffset
00000206  ATA.controlPortOffset
00000200  ATA.bytesPerSector
000000A0  ATA.devicePortIdentifyMasterMessage
000000B0  ATA.devicePortIdentifySlaveMessage
000000E0  ATA.devicePortReadWriteMasterMessage
000000F0  ATA.devicePortReadWriteSlaveMessage
000000EC  ATA.commandPortIdentifyMessage
00000020  ATA.commandPortReadMessage
00000030  ATA.commandPortWriteMessage
000000E7  ATA.commandPortFlushMessage
00000000  IDT_OFFSET


---- Section .text ------------------------------------------------------------

Real              Virtual           Name
            7E00              7E00  _startLM
            7E41              7E41  Keyboard
            7E41              7E41  Keyboard._getKey
            7E9C              7E9C  Keyboard._keyboardIfShift
            7EA4              7EA4  Keyboard._keyboardElseShift
            7EAA              7EAA  Keyboard.default
            7EBC              7EBC  Keyboard._caseShiftPushed
            7EC6              7EC6  Keyboard._caseShiftReleased
            7ED0              7ED0  Keyboard.keyboardToAsciiTable
            7F3D              7F3D  Screen
            7F3D              7F3D  Screen._printAt
            7F41              7F41  Screen._defaultCharacterStyle
            7F43              7F43  Screen._defaultCharacterStyleAfter
            7F5B              7F5B  Screen._ifGetCursor
            7F60              7F60  Screen._getCursorAfter
            7F67              7F67  Screen._writeCharacterCycle
            7F75              7F75  Screen._ifNewLineCharacter
            7F97              7F97  Screen._elseNewLineCharacter
            7F9E              7F9E  Screen._newLineCharacterAfter
            7FBD              7FBD  Screen._getVideomemoryOffset
            7FD4              7FD4  Screen._getCursor
            7FF2              7FF2  Screen._setCursor
            8012              8012  Screen._print
            801C              801C  Screen._clearScreen
            8030              8030  Screen._clearScreenCycle
            8042              8042  Screen._handleScrolling
            806B              806B  Screen._backspace
            809B              809B  Screen._backspacePrevLineElse
            80A9              80A9  Screen._backspacePrevLineIf
            80B3              80B3  Screen._backspaceCycle
            80C3              80C3  Screen._backspaceCycleAfter
            80CD              80CD  Screen._cursorGoRight
            80F4              80F4  Screen._cursorGoLeft
            8119              8119  Screen._cursorGoUp
            8132              8132  Screen._cursorGoDown
            814C              814C  PCI
            814C              814C  PCI._readFromFunction
            815C              815C  PCI._writeToFunction
            816E              816E  PCI._deviceHasFunctions
            817C              817C  PCI._getId
            8190              8190  PCI._init
            81A3              81A3  PCI._busesEnumerationCycle
            81B2              81B2  PCI._devicesEnumerationCycle
            81D4              81D4  PCI._ifDeviceHasFunctions
            81DB              81DB  PCI._elseDeviceHasFunctions
            81E0              81E0  PCI._functionsEnumerationCycle
            8292              8292  PCI._functionsEnumerationCycleContinue
            829B              829B  PCI._functionsEnumerationCycleReturn
            82A4              82A4  PCI._devicesEnumerationCycleReturn
            82AD              82AD  ATA
            82AD              82AD  ATA._identify
            82B1              82B1  ATA._ifTalkToMasterIdentify
            82B5              82B5  ATA._ifTalkToSlaveIdentify
            82B7              82B7  ATA._ifTalkToReturnIdentify
            82DA              82DA  ATA._ifNoDevice
            82DD              82DD  ATA._elseNoDevice
            8303              8303  ATA._waitForDevice
            8313              8313  ATA._waitStatusConfirmed
            8316              8316  ATA._waitForDeviceReturn
            831F              831F  ATA._identifyReadCycle
            8326              8326  ATA._checkATAPort
            8336              8336  ATA._ifATADeviceExists
            8373              8373  ATA._printMaster
            8383              8383  ATA._printSlave
            8393              8393  ATA._init
            840B              840B  ATA._printNoDevices
            841B              841B  ATA._read
            841F              841F  ATA._ifTalkToMasterRead
            8423              8423  ATA._ifTalkToSlaveRead
            8425              8425  ATA._ifTalkToReturnRead
            8461              8461  ATA._waitForDeviceRead
            8475              8475  ATA._waitStatusConfirmedRead
            8478              8478  ATA._waitForDeviceReturnRead
            8482              8482  ATA._readCycle
            8495              8495  ATA._ifOddAfterReadCycle
            8499              8499  ATA._ifOddAfterReadCycleReturn
            849C              849C  ATA._write
            84A0              84A0  ATA._ifTalkToMasterWrite
            84A4              84A4  ATA._ifTalkToSlaveWrite
            84A6              84A6  ATA._ifTalkToReturnWrite
            84E9              84E9  ATA._writeCycle
            84F7              84F7  ATA._flush
            84FB              84FB  ATA._ifTalkToMasterFlush
            84FF              84FF  ATA._ifTalkToSlaveFlush
            8501              8501  ATA._ifTalkToReturnFlush
            8510              8510  ATA._waitForDeviceFlush
            8520              8520  ATA._waitStatusConfirmedFlush
            8523              8523  ATA._waitForDeviceReturnFlush
            8526              8526  ATA._error
            8529              8529  _divisionBy0Handler
            853D              853D  _invalidOpcodeInterruptHandler
            8551              8551  _deviceNotAvailableInterruptHandler
            8565              8565  _invalidTSSInterruptHandler
            8579              8579  _segmentNotPresentInterruptHandler
            858D              858D  _stackSegmentFaultInterruptHandler
            85A1              85A1  _generalProtectionFaultInterruptHandler
            85B5              85B5  _pageFaultInterruptHandler
            85C9              85C9  _floatingPointExceptionHandler
            85DD              85DD  _keyboardInterruptHandler
            85F2              85F2  _clockInterruptHandler
            85F8              85F8  _syscallHandler
            8601              8601  syscallTable
            8611              8611  IDTInterruptGatePattern
            8621              8621  _sysRead
            8621              8621  _loadIDT
            8852              8852  _loadIDTCycle
            886F              886F  _defineIDTInterruptGate
            8889              8889  IDTPointer
            8893              8893  _memcpyq
            88A4              88A4  _break
            88A5              88A5  _haltMachine
            88A7              88A7  _chill
            88AA              88AA  _memset
            88B1              88B1  temp
            88C5              88C5  _intToString
            88D4              88D4  _intToString._notNegative
            8916              8916  _assignFlippedIntegerPortion
            8921              8921  _assignFlippedIntegerPortionIf
            8926              8926  _assignFlippedIntegerPortionElse
            8929              8929  _assignFlippedIntegerPortionAfter
            8935              8935  _flipString
            8938              8938  _flipString._flipStringCycle1
            8941              8941  _flipString._flipStringCycle2
            8951              8951  _memclrb
            895B              895B  _strcpy
            896F              896F  _pusha
            89CC              89CC  _popa
            89ED              89ED  done
            89F4              89F4  lineBreak
            89F6              89F6  loadingIDT

---- Section .data ------------------------------------------------------------

Real              Virtual           Name
            8A08              8A08  Keyboard.shiftFlag
            8A09              8A09  Keyboard.buffer
            8A0D              8A0D  Keyboard.inputCounter
            8A0E              8A0E  Keyboard.inputBuffer
            8A0F              8A0F  PCI.lookingForPCIDevices
            8A29              8A29  PCI.buffer
            8A2F              8A2F  PCI.vendorIdString
            8A3F              8A3F  PCI.deviceIdString
            8A4B              8A4B  PCI.classAndSubclassIdsString
            8A64              8A64  ATA.ATADeviceDetectedMessage
            8A84              8A84  ATA.lookForATADevicesMessage
            8A9E              8A9E  ATA.noDevicesMessage
            8AB9              8AB9  ATA.slaveMessage
            8AC0              8AC0  ATA.masterMessage
            8AC8              8AC8  ATA.ATAPortBaseHex
            8ACD              8ACD  divisionBy0
            8AF5              8AF5  _invalidOpcodeInterruptHandler.invalidOpcode
            8B26              8B26  _deviceNotAvailableInterruptHandler.deviceNotAvailable
            8B42              8B42  _invalidTSSInterruptHandler.invalidTSS
            8B5C              8B5C  _segmentNotPresentInterruptHandler.segmentNotPresent
            8BAB              8BAB  _stackSegmentFaultInterruptHandler.stackSegmentFault
            8BCB              8BCB  _generalProtectionFaultInterruptHandler.generalProtectionFault
            8BED              8BED  _pageFaultInterruptHandler.pageFault
            8C01              8C01  _floatingPointExceptionHandler.floatingPointException

