
- NASM Map file ---------------------------------------------------------------

Source file:  src/kernel/main.asm
Output file:  build/kernel.bin

-- Program origin -------------------------------------------------------------

00007E00

-- Sections (summary) ---------------------------------------------------------

Vstart            Start             Stop              Length    Class     Name
            7E00              7E00              8804  00000A04  progbits  .text
            8804              8804              89E4  000001E0  progbits  .data
            89E4              89E4              8A29  00000045  nobits    .bss

-- Sections (detailed) --------------------------------------------------------

---- Section .text ------------------------------------------------------------

class:     progbits
length:                 A04
start:                 7E00
align:     not defined
follows:   not defined
vstart:                7E00
valign:    not defined
vfollows:  not defined

---- Section .data ------------------------------------------------------------

class:     progbits
length:                 1E0
start:                 8804
align:                    4
follows:   not defined
vstart:                8804
valign:    not defined
vfollows:  not defined

---- Section .bss -------------------------------------------------------------

class:     nobits
length:                  45
start:                 89E4
align:     not defined
follows:   not defined
vstart:                89E4
valign:                   4
vfollows:  not defined

-- Symbols --------------------------------------------------------------------

---- No Section ---------------------------------------------------------------

Value     Name
00000060  KEYBOARD_DATAPORT
00000064  KEYBOARD_COMMANDPORT
000B8000  VIDEO_ADDRESS
00000019  MAX_ROWS
00000050  MAX_COLS
00000007  GRAY_ON_BLACK
000003D4  REG_SCREEN_CTRL
000003D5  REG_SCREEN_DATA
000001F0  ATA.port0Base
00000170  ATA.port1Base
000001E8  ATA.port2Base
00000168  ATA.port3Base
00000000  ATA.dataPortOffset
00000001  ATA.errorPortOffset
00000002  ATA.sectorCountPortOffset
00000003  ATA.lbaLowPortOffset
00000004  ATA.lbaMidPortOffset
00000005  ATA.lbaHighPortOffset
00000006  ATA.devicePortOffset
00000007  ATA.commandPortOffset
00000206  ATA.controlPortOffset
00000200  ATA.bytesPerSector
000000A0  ATA.devicePortMasterMessage
000000B0  ATA.devicePortSlaveMessage
000000E0  ATA.devicePortReadWriteMasterMessage
000000E0  ATA.devicePortReadWriteSlaveMessage
000000EC  ATA.commandPortIdentifyMessage
00000020  ATA.commandPortReadMessage
00000030  ATA.commandPortWriteMessage
00000000  IDT_OFFSET


---- Section .text ------------------------------------------------------------

Real              Virtual           Name
            7E00              7E00  _startLM
            7E53              7E53  _getKeyboardKey
            7EAE              7EAE  _keyboardIfShift
            7EB6              7EB6  _keyboardElseShift
            7EBC              7EBC  _keyboardCaseAfter
            7ECE              7ECE  _keyboardCaseShiftPushed
            7ED8              7ED8  _keyboardCaseShiftReleased
            7EE2              7EE2  keyboardToAsciiSwitchTable
            7F4E              7F4E  _printAt
            7F52              7F52  _defaultCharacterStyle
            7F54              7F54  _defaultCharacterStyleAfter
            7F6C              7F6C  _ifGetCursor
            7F71              7F71  _getCursorAfter
            7F78              7F78  _writeCharacterCycle
            7F86              7F86  _ifNewLineCharacter
            7FA8              7FA8  _elseNewLineCharacter
            7FAF              7FAF  _newLineCharacterAfter
            7FCE              7FCE  _getVideomemoryOffset
            7FE5              7FE5  _getCursor
            8003              8003  _setCursor
            8023              8023  _print
            802B              802B  _clearScreen
            803F              803F  _clearScreenCycle
            8051              8051  _handleScrolling
            807A              807A  _backspace
            80AA              80AA  _backspacePrevLineElse
            80B8              80B8  _backspacePrevLineIf
            80C2              80C2  _backspaceCycle
            80D2              80D2  _backspaceCycleAfter
            80DC              80DC  _cursorGoRight
            8103              8103  _cursorGoLeft
            8128              8128  _cursorGoUp
            8141              8141  _cursorGoDown
            815C              815C  ATA
            815C              815C  ATA._identify
            8160              8160  ATA._ifTalkToMaster
            8164              8164  ATA._ifTalkToSlave
            8166              8166  ATA._ifTalkToReturn
            8189              8189  ATA._ifNoDevice
            818C              818C  ATA._elseNoDevice
            81B2              81B2  ATA._waitForDevice
            81C2              81C2  ATA._waitStatusConfirmed
            81C5              81C5  ATA._waitForDeviceReturn
            81C8              81C8  ATA._checkATAPort
            81D8              81D8  ATA._ifATADeviceExists
            8222              8222  ATA._printMaster
            8232              8232  ATA._printSlave
            8242              8242  ATA._init
            82B7              82B7  ATA._printNoDevices
            82C7              82C7  ATA._read
            82CF              82CF  ATA._ifTalkToMasterRead
            82D3              82D3  ATA._ifTalkToSlaveRead
            82D5              82D5  ATA._ifTalkToReturnRead
            831E              831E  ATA._waitForDeviceRead
            832E              832E  ATA._waitStatusConfirmedRead
            8331              8331  ATA._waitForDeviceReturnRead
            834D              834D  ATA._readCycle
            837D              837D  ATA._printError
            838D              838D  _divisionBy0Handler
            83A1              83A1  _invalidOpcodeInterruptHandler
            83B5              83B5  _deviceNotAvailableInterruptHandler
            83C9              83C9  _invalidTSSInterruptHandler
            83DD              83DD  _segmentNotPresentInterruptHandler
            83F1              83F1  _stackSegmentFaultInterruptHandler
            8405              8405  _generalProtectionFaultInterruptHandler
            8419              8419  _pageFaultInterruptHandler
            842D              842D  _floatingPointExceptionHandler
            8441              8441  _keyboardInterruptHandler
            844C              844C  _clockInterruptHandler
            8452              8452  _syscallHandler
            845B              845B  syscallTable
            846B              846B  IDTInterruptGatePattern
            847B              847B  _sysRead
            8481              8481  _sysRead._standardInput
            8491              8491  _sysRead._cycle
            849E              849E  _loadIDT
            86CF              86CF  _loadIDTCycle
            86EC              86EC  _defineIDTInterruptGate
            8706              8706  IDTPointer
            8710              8710  _memcpyq
            8721              8721  _break
            8722              8722  _interruptBreak
            8723              8723  _haltMachine
            8725              8725  _sleep
            8729              8729  _chill
            8735              8735  _minusCheck
            873B              873B  _minusConfirmed
            8744              8744  _assignFlippedIntegerPortion
            874F              874F  _assignFlippedIntegerPortionIf
            8754              8754  _assignFlippedIntegerPortionElse
            8757              8757  _assignFlippedIntegerPortionAfter
            8763              8763  _flipString
            8766              8766  _flipStringCycle1
            876F              876F  _flipStringCycle2
            877F              877F  _intToString
            87C6              87C6  _addMinus
            87CE              87CE  _memclrb
            87D8              87D8  _add0
            87DD              87DD  _addNewLineCharacter
            87E5              87E5  _addSpaceCharacter
            87ED              87ED  done
            87F4              87F4  loadingIDT

---- Section .data ------------------------------------------------------------

Real              Virtual           Name
            8804              8804  ATA.ATADeviceDetectedMessage
            8824              8824  ATA.lookForATADevicesMessage
            883E              883E  ATA.noDevicesMessage
            8859              8859  ATA.error
            8874              8874  ATA.slaveMessage
            887B              887B  ATA.masterMessage
            8883              8883  ATA.ATAPortBaseHex
            8887              8887  ATA.memory
            888A              888A  divisionBy0
            88B2              88B2  _invalidOpcodeInterruptHandler.invalidOpcode
            88E3              88E3  _deviceNotAvailableInterruptHandler.deviceNotAvailable
            88FF              88FF  _invalidTSSInterruptHandler.invalidTSS
            8919              8919  _segmentNotPresentInterruptHandler.segmentNotPresent
            8968              8968  _stackSegmentFaultInterruptHandler.stackSegmentFault
            8988              8988  _generalProtectionFaultInterruptHandler.generalProtectionFault
            89AA              89AA  _pageFaultInterruptHandler.pageFault
            89BE              89BE  _floatingPointExceptionHandler.floatingPointException

---- Section .bss -------------------------------------------------------------

Real              Virtual           Name
            89E4              89E4  shiftFlag
            89E5              89E5  keyboardBuffer
            89E7              89E7  inputCounter
            89E8              89E8  inputBuffer
            89E9              89E9  temp

