
- NASM Map file ---------------------------------------------------------------

Source file:  src/kernel/main.asm
Output file:  build/kernel.bin

-- Program origin -------------------------------------------------------------

00005000

-- Sections (summary) ---------------------------------------------------------

Vstart            Start             Stop              Length    Class     Name
            5000              5000              56E2  000006E2  progbits  .text
            56E4              56E4              5836  00000152  progbits  .data
            5838              5838              583D  00000005  nobits    .bss

-- Sections (detailed) --------------------------------------------------------

---- Section .text ------------------------------------------------------------

class:     progbits
length:                 6E2
start:                 5000
align:     not defined
follows:   not defined
vstart:                5000
valign:    not defined
vfollows:  not defined

---- Section .data ------------------------------------------------------------

class:     progbits
length:                 152
start:                 56E4
align:                    4
follows:   not defined
vstart:                56E4
valign:    not defined
vfollows:  not defined

---- Section .bss -------------------------------------------------------------

class:     nobits
length:                   5
start:                 5838
align:     not defined
follows:   not defined
vstart:                5838
valign:                   4
vfollows:  not defined

-- Symbols --------------------------------------------------------------------

---- No Section ---------------------------------------------------------------

Value     Name
00000060  KEYBOARD_DATAPORT
00000064  KEYBOARD_COMMANDPORT
000B8000  VIDEO_ADDRESS
00000019  MAX_ROWS
00000050  MAX_COLS
00000007  GRAY_ON_BLACK
000003D4  REG_SCREEN_CTRL
000003D5  REG_SCREEN_DATA
00000000  IDT_OFFSET


---- Section .text ------------------------------------------------------------

Real              Virtual           Name
            5000              5000  _startLM
            5037              5037  _getKeyboardKey
            5092              5092  _keyboardIfShift
            509A              509A  _keyboardElseShift
            50A0              50A0  _keyboardCaseAfter
            50B2              50B2  _keyboardCaseShiftPushed
            50BC              50BC  _keyboardCaseShiftReleased
            50C6              50C6  keyboardToAsciiSwitchTable
            5132              5132  _printAt
            5136              5136  _defaultCharacterStyle
            5138              5138  _defaultCharacterStyleAfter
            5150              5150  _ifGetCursor
            5155              5155  _getCursorAfter
            515C              515C  _writeCharacterCycle
            516A              516A  _ifNewLineCharacter
            518C              518C  _elseNewLineCharacter
            5193              5193  _newLineCharacterAfter
            51B2              51B2  _getVideomemoryOffset
            51C9              51C9  _getCursor
            51E7              51E7  _setCursor
            5207              5207  _print
            520F              520F  _clearScreen
            5223              5223  _clearScreenCycle
            5235              5235  _handleScrolling
            525E              525E  _backspace
            528E              528E  _backspacePrevLineElse
            529C              529C  _backspacePrevLineIf
            52A6              52A6  _backspaceCycle
            52B6              52B6  _backspaceCycleAfter
            52C0              52C0  _cursorGoRight
            52E7              52E7  _cursorGoLeft
            530C              530C  _cursorGoUp
            5325              5325  _cursorGoDown
            5340              5340  _divisionBy0Handler
            5354              5354  _invalidOpcodeInterruptHandler
            5368              5368  _deviceNotAvailableInterruptHandler
            537C              537C  _invalidTSSInterruptHandler
            5390              5390  _segmentNotPresentInterruptHandler
            53A4              53A4  _stackSegmentFaultInterruptHandler
            53B8              53B8  _ignoreInterruptHandler
            53BE              53BE  _keyboardInterruptHandler
            53C9              53C9  _clockInterruptHandler
            53CF              53CF  _syscallHandler
            53D8              53D8  syscallTable
            53E8              53E8  IDTInterruptGatePattern
            53F8              53F8  _sysRead
            53FE              53FE  _sysRead._standardInput
            540E              540E  _sysRead._cycle
            541B              541B  _loadIDT
            5684              5684  _loadIDTCycle
            56A1              56A1  _defineIDTInterruptGate
            56BB              56BB  IDTPointer
            56C5              56C5  _memcpyq
            56D6              56D6  _break
            56D7              56D7  _interruptBreak
            56D8              56D8  _haltMachine
            56DA              56DA  _negate
            56DE              56DE  _sleep

---- Section .data ------------------------------------------------------------

Real              Virtual           Name
            56E4              56E4  divisionBy0
            570C              570C  _invalidOpcodeInterruptHandler.invalidOpcode
            573C              573C  _deviceNotAvailableInterruptHandler.deviceNotAvailable
            5758              5758  _invalidTSSInterruptHandler.invalidTSS
            5772              5772  _segmentNotPresentInterruptHandler.segmentNotPresent
            57C1              57C1  _stackSegmentFaultInterruptHandler.stackSegmentFault
            57E1              57E1  string
            57F2              57F2  _console
            57F4              57F4  _consoleIfGotAnEnter
            5813              5813  _chill
            581F              581F  done
            5826              5826  loadingIDT

---- Section .bss -------------------------------------------------------------

Real              Virtual           Name
            5838              5838  shiftFlag
            5839              5839  keyboardBuffer
            583B              583B  inputCounter
            583C              583C  inputBuffer

